
[1m[46m RUN [49m[22m [36mv4.1.1 [39m[90mC:/Users/josma/OneDrive/Escritorio/SyqueX/frontend[39m

 [31mΓ¥»[39m src/components/OnboardingScreen.test.jsx [2m([22m[2m6 tests[22m[2m | [22m[31m1 failed[39m[2m)[22m[33m 311[2mms[22m[39m
     [32mΓ£ô[39m renders heading and both cards[32m 142[2mms[22m[39m
     [32mΓ£ô[39m does not render "Decidir despu├⌐s" link[32m 26[2mms[22m[39m
     [32mΓ£ô[39m does not accept onSkip prop (no "Decidir despu├⌐s" button)[32m 28[2mms[22m[39m
     [32mΓ£ô[39m calls onSelectSoap when SOAP card is clicked[32m 35[2mms[22m[39m
     [32mΓ£ô[39m calls onSelectCustom when custom card is clicked[32m 27[2mms[22m[39m
[31m     [31m├ù[31m renders SOAP pills (S, O, A, P)[39m[32m 45[2mms[22m[39m
 [32mΓ£ô[39m src/components/SoapNoteDocument.test.jsx [2m([22m[2m17 tests[22m[2m)[22m[33m 1311[2mms[22m[39m
     [33m[2mΓ£ô[22m[39m muestra bot├│n "Confirmar" cuando readOnly=false [33m 366[2mms[22m[39m
 [32mΓ£ô[39m src/components/Sidebar.test.jsx [2m([22m[2m12 tests[22m[2m)[22m[33m 1581[2mms[22m[39m
     [33m[2mΓ£ô[22m[39m click en backdrop llama onClose [33m 533[2mms[22m[39m
 [32mΓ£ô[39m src/components/ChatInput.test.jsx [2m([22m[2m8 tests[22m[2m)[22m[33m 2908[2mms[22m[39m
     [33m[2mΓ£ô[22m[39m renderiza textarea y ambos botones [33m 600[2mms[22m[39m
     [33m[2mΓ£ô[22m[39m muestra contador de palabras al escribir [33m 662[2mms[22m[39m
     [33m[2mΓ£ô[22m[39m Enter llama onSend con formato "chat" y limpia el textarea [33m 389[2mms[22m[39m
     [33m[2mΓ£ô[22m[39m click en "Generar nota cl├¡nica" llama onSend con formato "SOAP" y limpia el textarea [33m 502[2mms[22m[39m
 [32mΓ£ô[39m src/components/RegisterScreen.test.jsx [2m([22m[2m4 tests[22m[2m)[22m[33m 5026[2mms[22m[39m
     [33m[2mΓ£ô[22m[39m calls register API and onSuccess when form is submitted [33m 2115[2mms[22m[39m
     [33m[2mΓ£ô[22m[39m shows error message if registration fails [33m 1283[2mms[22m[39m
     [33m[2mΓ£ô[22m[39m shows inline login link when email is already registered [33m 1413[2mms[22m[39m
 [31mΓ¥»[39m src/components/PatientIntakeModal.test.jsx [2m([22m[2m12 tests[22m[2m | [22m[31m4 failed[39m[2m)[22m[33m 6818[2mms[22m[39m
     [32mΓ£ô[39m no renderiza cuando open=false[32m 47[2mms[22m[39m
     [32mΓ£ô[39m renderiza t├¡tulo "Registrar paciente" en modo create[32m 232[2mms[22m[39m
     [32mΓ£ô[39m renderiza t├¡tulo "Editar expediente" en modo edit y hace GET[32m 124[2mms[22m[39m
     [32mΓ£ô[39m muestra aviso LFPDPPP[32m 90[2mms[22m[39m
[31m     [31m├ù[31m submit deshabilitado hasta llenar los 3 obligatorios[39m[33m 963[2mms[22m[39m
[31m     [31m├ù[31m muestra edad calculada al elegir fecha[39m[32m 231[2mms[22m[39m
     [33m[2mΓ£ô[22m[39m contacto emergencia: parcial ΓåÆ submit deshabilitado + mensaje [33m 562[2mms[22m[39m
[31m     [31m├ù[31m mode=create llama createPatient con payload limpio[39m[33m 2042[2mms[22m[39m
     [32mΓ£ô[39m mode=edit llama updatePatient con patch incluyendo nulls expl├¡citos[32m 200[2mms[22m[39m
[31m     [31m├ù[31m muestra error inline si el API falla[39m[33m 2114[2mms[22m[39m
     [32mΓ£ô[39m click en Cancelar llama onClose[32m 82[2mms[22m[39m
     [32mΓ£ô[39m click en X llama onClose[32m 118[2mms[22m[39m
 [32mΓ£ô[39m src/components/EvolucionPanel.test.jsx [2m([22m[2m12 tests[22m[2m)[22m[33m 1430[2mms[22m[39m
     [33m[2mΓ£ô[22m[39m muestra spinner cuando loading=true [33m 452[2mms[22m[39m
     [33m[2mΓ£ô[22m[39m llama onSend al enviar el formulario con texto [33m 418[2mms[22m[39m
 [32mΓ£ô[39m src/components/PatientHeader.test.jsx [2m([22m[2m16 tests[22m[2m)[22m[33m 917[2mms[22m[39m
     [33m[2mΓ£ô[22m[39m renderiza segmented control en desktop cuando onModeChange est├í presente [33m 434[2mms[22m[39m
 [32mΓ£ô[39m src/components/PatientSidebar.test.jsx [2m([22m[2m10 tests[22m[2m)[22m[33m 964[2mms[22m[39m
     [33m[2mΓ£ô[22m[39m renders "Cerrar sesi├│n" button [33m 601[2mms[22m[39m
 [32mΓ£ô[39m src/components/NoteConfigurator.test.jsx [2m([22m[2m20 tests[22m[2m)[22m[33m 2117[2mms[22m[39m
     [33m[2mΓ£ô[22m[39m Γåæ button moves a field upward [33m 761[2mms[22m[39m
     [33m[2mΓ£ô[22m[39m Γåô button moves a field downward [33m 320[2mms[22m[39m
 [32mΓ£ô[39m src/App.integration.test.jsx [2m([22m[2m8 tests[22m[2m)[22m[33m 11366[2mms[22m[39m
     [33m[2mΓ£ô[22m[39m lazy loads evolution chat and profile only when Evoluci├│n tab is clicked [33m 1439[2mms[22m[39m
     [33m[2mΓ£ô[22m[39m optimistic UI handling when sending message in Evoluci├│n [33m 1633[2mms[22m[39m
     [33m[2mΓ£ô[22m[39m after successful registration, calls getBillingStatus and shows app [33m 1266[2mms[22m[39m
     [33m[2mΓ£ô[22m[39m shows empty state in Nota tab when patient with history is selected [33m 561[2mms[22m[39m
     [33m[2mΓ£ô[22m[39m shows loading state while generating note [33m 1376[2mms[22m[39m
     [33m[2mΓ£ô[22m[39m shows note after generation completes [33m 1573[2mms[22m[39m
     [33m[2mΓ£ô[22m[39m shows error state when generation fails [33m 1517[2mms[22m[39m
     [33m[2mΓ£ô[22m[39m resets to empty state when switching to a different patient [33m 1991[2mms[22m[39m
 [32mΓ£ô[39m src/components/NoteReview.test.jsx [2m([22m[2m4 tests[22m[2m)[22m[33m 618[2mms[22m[39m
     [33m[2mΓ£ô[22m[39m muestra el bot├│n Confirmar cuando readOnly=false [33m 460[2mms[22m[39m
 [32mΓ£ô[39m src/components/LoginScreen.test.jsx [2m([22m[2m2 tests[22m[2m)[22m[33m 599[2mms[22m[39m
   [33m[2mΓ£ô[22m[39m bot├│n de entrar est├í presente [33m 473[2mms[22m[39m
 [32mΓ£ô[39m src/components/DictationPanel.test.jsx [2m([22m[2m6 tests[22m[2m)[22m[33m 302[2mms[22m[39m
 [32mΓ£ô[39m src/App.test.jsx [2m([22m[2m16 tests[22m[2m)[22m[32m 19[2mms[22m[39m
 [32mΓ£ô[39m src/components/PasswordStrength.test.jsx [2m([22m[2m3 tests[22m[2m)[22m[32m 86[2mms[22m[39m
 [32mΓ£ô[39m src/utils/age.test.js [2m([22m[2m7 tests[22m[2m)[22m[32m 14[2mms[22m[39m

[2m Test Files [22m [1m[31m2 failed[39m[22m[2m | [22m[1m[32m15 passed[39m[22m[90m (17)[39m
[2m      Tests [22m [1m[31m5 failed[39m[22m[2m | [22m[1m[32m158 passed[39m[22m[90m (163)[39m
[2m   Start at [22m 09:50:41
[2m   Duration [22m 25.32s[2m (transform 3.14s, setup 8.88s, import 15.08s, tests 36.39s, environment 88.13s)[22m

